
> automify-dashboard@0.1.0 build
> next build

  Γû▓ Next.js 14.2.5
  - Environments: .env.local

   Creating an optimized production build ...
 Γ£ô Compiled successfully
   Linting and checking validity of types ...
   Collecting page data ...
   Generating static pages (0/35) ...
   Generating static pages (8/35) 
   Generating static pages (17/35) 
   Generating static pages (26/35) 
 Γ£ô Generating static pages (35/35)
   Finalizing page optimization ...
   Collecting build traces ...

Route (app)                              Size     First Load JS
Γöî Γùï /                                    16.6 kB         127 kB
Γö£ Γùï /_not-found                          879 B          88.2 kB
Γö£ Γùï /apple-icon.png                      0 B                0 B
Γö£ Γùï /dashboard                           5.59 kB         124 kB
Γö£ Γùï /dashboard/ads                       5.71 kB         116 kB
Γö£ ╞Æ /dashboard/ads/[id]                  6.15 kB         116 kB
Γö£ ╞Æ /dashboard/ads/[id]/edit             5.23 kB         115 kB
Γö£ Γùï /dashboard/ads/create                5.03 kB         115 kB
Γö£ Γùï /dashboard/ads/video                 4.95 kB         115 kB
Γö£ ╞Æ /dashboard/ads/video/[id]            7.15 kB         117 kB
Γö£ Γùï /dashboard/ads/video/create          5.45 kB         116 kB
Γö£ Γùï /dashboard/ads/video/templates       5.12 kB         115 kB
Γö£ Γùï /dashboard/ai-rules                  9.31 kB         128 kB
Γö£ Γùï /dashboard/analytics                 116 kB          234 kB
Γö£ Γùï /dashboard/billing                   10.6 kB         129 kB
Γö£ Γùï /dashboard/billing/checkout          5.79 kB         124 kB
Γö£ Γùï /dashboard/billing/invoices          4.35 kB         123 kB
Γö£ Γùï /dashboard/billing/payment-methods   7.19 kB         126 kB
Γö£ Γùï /dashboard/billing/plans             6.35 kB         125 kB
Γö£ Γùï /dashboard/conversations             10.9 kB         132 kB
Γö£ Γùï /dashboard/handoff                   9.15 kB         128 kB
Γö£ Γùï /dashboard/integrations              14.6 kB         136 kB
Γö£ Γùï /dashboard/knowledge                 11.2 kB         130 kB
Γö£ Γùï /dashboard/leads                     10.6 kB         129 kB
Γö£ Γùï /dashboard/notifications             7.79 kB         126 kB
Γö£ Γùï /dashboard/onboarding                8.29 kB         127 kB
Γö£ Γùï /dashboard/paywall                   1.75 kB        89.1 kB
Γö£ Γùï /dashboard/sales-products            19 kB           145 kB
Γö£ Γùï /dashboard/security                  10 kB           128 kB
Γö£ Γùï /dashboard/settings                  8.21 kB         127 kB
Γö£ Γùï /dashboard/users                     9.41 kB         130 kB
Γö£ Γùï /icon.png                            0 B                0 B
Γö£ Γùï /maintenance                         153 B          87.5 kB
Γö£ Γùï /privacy-policy                      153 B          87.5 kB
Γö£ Γùï /sitemap.xml                         0 B                0 B
Γöö Γùï /user-data-deletion                  153 B          87.5 kB
+ First Load JS shared by all            87.3 kB
  Γö£ chunks/7023-4aa882f427238395.js      31.7 kB
  Γö£ chunks/fd9d1056-ff6a8293ab189abe.js  53.6 kB
  Γöö other shared chunks (total)          2.02 kB


╞Æ Middleware                             27.5 kB

Γùï  (Static)   prerendered as static content
╞Æ  (Dynamic)  server-rendered on demand

